// Jest Snapshot v1, https://goo.gl/fbAQLP

exports[`ConfirmDialog should render correctly with props 1`] = `
<WithStyles(ForwardRef(Dialog))
  id="confirmDialog"
  open={true}
>
  <WithStyles(ForwardRef(DialogTitle))
    onClose={[MockFunction]}
  >
    Some header
    <WithStyles(ForwardRef(IconButton))
      aria-label="close"
      className="closeDialog"
      onClick={[MockFunction]}
    >
      <CloseIcon />
    </WithStyles(ForwardRef(IconButton))>
  </WithStyles(ForwardRef(DialogTitle))>
  <WithStyles(ForwardRef(DialogContent))
    dividers={true}
  >
    Some body
  </WithStyles(ForwardRef(DialogContent))>
  <WithStyles(ForwardRef(DialogActions))>
    <WithStyles(ForwardRef(Button))
      className="modalConfirm"
      onClick={[Function]}
      variant="contained"
    >
      Confirm
    </WithStyles(ForwardRef(Button))>
    <WithStyles(ForwardRef(Button))
      className="modalCancel"
      onClick={[MockFunction]}
      variant="contained"
    >
      Cancel
    </WithStyles(ForwardRef(Button))>
  </WithStyles(ForwardRef(DialogActions))>
</WithStyles(ForwardRef(Dialog))>
`;
