// Jest Snapshot v1, https://goo.gl/fbAQLP

exports[`Home should render correctly with no props 1`] = `
<div
  id="home"
>
  <Sidebar />
  <br />
  <form
    id="getSpaceByName"
    onSubmit={[Function]}
  >
    <WithStyles(ForwardRef(ButtonGroup))
      size="small"
      variant="outlined"
    >
      <WithStyles(ForwardRef(TextField))
        autoFocus={true}
        label="Type a space name..."
        name="name"
        onChange={[Function]}
        value=""
      />
      <WithStyles(ForwardRef(Button))
        color="primary"
        onClick={[Function]}
        tabIndex="-1"
        type="submit"
      >
        ENTER
      </WithStyles(ForwardRef(Button))>
    </WithStyles(ForwardRef(ButtonGroup))>
  </form>
  <ConfirmDialog
    confirm={[Function]}
    mBody="Do you want to request approval for this space?"
    mHeader="Space '' does not exist"
    showModal={false}
    toggleModal={[Function]}
  />
</div>
`;
